// Jest Snapshot v1, https://goo.gl/fbAQLP

exports[`Renders Videoplayer component correctly 1`] = `<video />`;
