// Jest Snapshot v1, https://goo.gl/fbAQLP

exports[`Renders MovieCard component correctly 1`] = `
<article
  className="small-movie-card catalog__movies-card"
  onMouseLeave={[MockFunction]}
>
  <a
    href="/movie-card/1"
    onClick={[Function]}
  >
    <div
      className="small-movie-card__image"
    >
      <img
        alt="Fantastic Beasts: The Crimes of Grindelwald"
        height="175"
        src="img/fantastic-beasts-the-crimes-of-grindelwald.jpg"
        width="280"
      />
    </div>
  </a>
  <h3
    className="small-movie-card__title"
  >
    <a
      className="small-movie-card__link"
      href="movie-page.html"
    >
      Fantastic Beasts: The Crimes of Grindelwald
    </a>
  </h3>
</article>
`;
